Gold Bag
 11 
 10 
 22 
 0 
 0 
 0 
 2 
 11 
Gold Dust
 11 
 18 
 35 
 0 
 0 
 0 
 3 
 11 
Fairy Dust
 6 
 0 
 0 
 1 
 0 
 0 
 7 
 11 
Accuracy Bow +3
 1 
 1 
 9 
 3 
 12 
 16 
 61 
 7 
Arrow Fill
 2 
 1 
 5 
 11 
 0 
 0 
 10 
 8 
Posin Arrows
 2 
 1 
 10 
 10 
 1 
 0 
 46 
 8 
Sleep Arrows
 2 
 1 
 5 
 7 
 0 
 1 
 68 
 8 
Dagger
 3 
 1 
 9 
 14 
 5 
 10 
 6 
 6 
Short Sword
 3 
 1 
 11 
 10 
 8 
 13 
 11 
 5 
Long Sword
 3 
 1 
 17 
 11 
 14 
 20 
 20 
 5 
2H Sword
 3 
 2 
 17 
 16 
 22 
 30 
 40 
 5 
Glass Sword
 6 
 0 
 0 
 1 
 250 
 300 
 100 
 5 
Odd Keys
 13 
 1 
 0 
 0 
 0 
 0 
 34 
 4 
Key Ring
 13 
 0 
 0 
 0 
 0 
 0 
 9 
 4 
Lock Pick
 13 
 0 
 7 
 0 
 0 
 0 
 24 
 4 
Ankh
 12 
 0 
 0 
 0 
 1 
 0 
 119 
 10 
Axe
 3 
 1 
 16 
 15 
 16 
 14 
 32 
 15 
Leather helmet
 7 
 1 
 0 
 0 
 0 
 4 
 9 
 2 
Chain Coif
 7 
 1 
 0 
 0 
 0 
 10 
 15 
 2 
Spiked Helmet
 7 
 2 
 1 
 5 
 9 
 14 
 25 
 2 
Wooden Sheild
 8 
 1 
 0 
 0 
 0 
 5 
 7 
 14 
Small sheild
 8 
 3 
 0 
 0 
 0 
 12 
 13 
 9 
Large sheild
 8 
 4 
 0 
 0 
 0 
 16 
 24 
 9 
Robes
 9 
 1 
 4 
 0 
 0 
 0 
 7 
 1 
Leather armor
 9 
 2 
 6 
 0 
 0 
 0 
 9 
 1 
Ring mail
 9 
 5 
 12 
 0 
 0 
 0 
 29 
 1 
Chain Mail
 9 
 6 
 13 
 0 
 0 
 0 
 65 
 1 
Plate Mail
 9 
 8 
 18 
 0 
 0 
 0 
 80 
 1 
In Lor Scroll
 6 
 1 
 0 
 0 
 0 
 0 
 6 
 12 
In Zu Scroll
 6 
 0 
 0 
 1 
 0 
 0 
 13 
 12 
Por Flam Scroll
 6 
 0 
 0 
 0 
 8 
 12 
 11 
 12 
In Mani Scroll
 5 
 8 
 0 
 0 
 0 
 0 
 7 
 12 
An Nox Scroll
 5 
 0 
 1 
 0 
 0 
 0 
 12 
 12 
Kal Ort Wis Scroll
 5 
 0 
 0 
 0 
 34 
 0 
 29 
 12 
In Mani Corp Scroll
 5 
 0 
 0 
 0 
 0 
 1 
 47 
 12 
Invisibility Ring
 10 
 1 
 0 
 0 
 0 
 0 
 43 
 3 
Wall Walk Ring
 10 
 0 
 1 
 0 
 0 
 0 
 44 
 3 
Holy Ring
 10 
 0 
 0 
 1 
 0 
 0 
 42 
 3 
Magic Axe
 4 
 4 
 11 
 9 
 35 
 87 
 132 
 15 
Crosbow
 1 
 2 
 5 
 1 
 11 
 11 
 28 
 7 
Masamune
 3 
 1 
 13 
 18 
 820 
 1800 
 300 
 5 
Rations
 11 
 0 
 0 
 3 
 0 
 0 
 6 
 16 
Roast
 12 
 0 
 0 
 2 
 0 
 0 
 11 
 16 
Leather Boots
 15 
 0 
 0 
 1 
 1 
 0 
 10 
 6 
Retros
 15 
 0 
 0 
 4 
 2 
 0 
 14 
 6 

 16 
 35 
 38 
 34 
 35 
 48 
 576 
 16 

 15 
 0 
 0 
 0 
 0 
 0 
 0 
 16 

 15 
 0 
 0 
 0 
 0 
 0 
 0 
 16 

 15 
 0 
 0 
 0 
 0 
 0 
 0 
 16 

 15 
 0 
 0 
 0 
 0 
 0 
 0 
 16 

 15 
 0 
 0 
 0 
 0 
 0 
 0 
 16 

 15 
 0 
 0 
 0 
 0 
 0 
 0 
 16 

 15 
 0 
 0 
 0 
 0 
 0 
 0 
 16 

 15 
 0 
 0 
 0 
 0 
 0 
 0 
 16 

 15 
 0 
 0 
 0 
 0 
 0 
 0 
 16 

 16 
 0 
 0 
 0 
 0 
 0 
 0 
 16 

 16 
 0 
 0 
 0 
 0 
 0 
 0 
 16 

 16 
 0 
 0 
 0 
 0 
 0 
 0 
 16 

 16 
 0 
 0 
 0 
 0 
 0 
 0 
 16 

 16 
 0 
 0 
 0 
 0 
 0 
 0 
 16 

 16 
 0 
 0 
 0 
 0 
 0 
 0 
 16 

 16 
 0 
 0 
 0 
 0 
 0 
 0 
 16 

 16 
 0 
 0 
 0 
 0 
 0 
 0 
 16 

 16 
 0 
 0 
 0 
 0 
 0 
 0 
 16 

 16 
 0 
 0 
 0 
 0 
 0 
 0 
 16 

 16 
 0 
 0 
 0 
 0 
 0 
 0 
 16 

 16 
 0 
 0 
 0 
 0 
 0 
 0 
 16 

 16 
 0 
 0 
 0 
 0 
 0 
 0 
 16 

 16 
 0 
 0 
 0 
 0 
 0 
 0 
 16 

 16 
 0 
 0 
 0 
 0 
 0 
 0 
 16 

 16 
 0 
 0 
 0 
 0 
 0 
 0 
 16 

 16 
 0 
 0 
 0 
 0 
 0 
 0 
 16 

 16 
 0 
 0 
 0 
 0 
 0 
 0 
 16 

 16 
 0 
 0 
 0 
 0 
 0 
 0 
 16 

 16 
 0 
 0 
 0 
 0 
 0 
 0 
 16 

 16 
 0 
 0 
 0 
 0 
 0 
 0 
 16 

 16 
 0 
 0 
 0 
 0 
 0 
 0 
 16 

 16 
 0 
 0 
 0 
 0 
 0 
 0 
 16 

 16 
 0 
 0 
 0 
 0 
 0 
 0 
 16 

 16 
 0 
 0 
 0 
 0 
 0 
 0 
 16 

 16 
 0 
 0 
 0 
 0 
 0 
 0 
 16 

 16 
 0 
 0 
 0 
 0 
 0 
 0 
 16 

 16 
 0 
 0 
 0 
 0 
 0 
 0 
 16 

 16 
 0 
 0 
 0 
 0 
 0 
 0 
 16 

 16 
 0 
 0 
 0 
 0 
 0 
 0 
 16 

 16 
 0 
 0 
 0 
 0 
 0 
 0 
 16 

 16 
 0 
 0 
 0 
 0 
 0 
 0 
 16 

 16 
 0 
 0 
 0 
 0 
 0 
 0 
 16 

 16 
 0 
 0 
 0 
 0 
 0 
 0 
 16 

 16 
 0 
 0 
 0 
 0 
 0 
 0 
 16 

 16 
 0 
 0 
 0 
 0 
 0 
 0 
 16 

 16 
 0 
 0 
 0 
 0 
 0 
 0 
 16 

 16 
 0 
 0 
 0 
 0 
 0 
 0 
 16 

 16 
 0 
 0 
 0 
 0 
 0 
 0 
 16 

 16 
 0 
 0 
 0 
 0 
 0 
 0 
 16 

 16 
 0 
 0 
 0 
 0 
 0 
 0 
 16 

 16 
 0 
 0 
 0 
 0 
 0 
 0 
 16 

 16 
 0 
 0 
 0 
 0 
 0 
 0 
 16 

 16 
 0 
 0 
 0 
 0 
 0 
 0 
 16 

 16 
 0 
 0 
 0 
 0 
 0 
 0 
 16 

 16 
 0 
 0 
 0 
 0 
 0 
 0 
 16 

 16 
 0 
 0 
 0 
 0 
 0 
 0 
 16 

 16 
 0 
 0 
 0 
 0 
 0 
 0 
 16 

 16 
 0 
 0 
 0 
 0 
 0 
 0 
 16 

 16 
 0 
 0 
 0 
 0 
 0 
 0 
 16 

 16 
 0 
 0 
 0 
 0 
 0 
 0 
 16 

 16 
 0 
 0 
 0 
 0 
 0 
 0 
 16 

 16 
 0 
 0 
 0 
 0 
 0 
 0 
 16 

 16 
 0 
 0 
 0 
 0 
 0 
 0 
 16 

 16 
 0 
 0 
 0 
 0 
 0 
 0 
 16 

 16 
 0 
 0 
 0 
 0 
 0 
 0 
 16 

 16 
 0 
 0 
 0 
 0 
 0 
 0 
 16 

 16 
 0 
 0 
 0 
 0 
 0 
 0 
 16 

 16 
 0 
 0 
 0 
 0 
 0 
 0 
 16 

 16 
 0 
 0 
 0 
 0 
 0 
 0 
 16 

 16 
 0 
 0 
 0 
 0 
 0 
 0 
 16 

 16 
 0 
 0 
 0 
 0 
 0 
 0 
 16 

 16 
 0 
 0 
 0 
 0 
 0 
 0 
 16 

 16 
 0 
 0 
 0 
 0 
 0 
 0 
 16 

 16 
 0 
 0 
 0 
 0 
 0 
 0 
 16 

 16 
 0 
 0 
 0 
 0 
 0 
 0 
 16 

 16 
 0 
 0 
 0 
 0 
 0 
 0 
 16 

 16 
 0 
 0 
 0 
 0 
 0 
 0 
 16 

 16 
 0 
 0 
 0 
 0 
 0 
 0 
 16 

 16 
 0 
 0 
 0 
 0 
 0 
 0 
 16 

 16 
 0 
 0 
 0 
 0 
 0 
 0 
 16 

 16 
 0 
 0 
 0 
 0 
 0 
 0 
 16 

 16 
 0 
 0 
 0 
 0 
 0 
 0 
 16 

 16 
 0 
 0 
 0 
 0 
 0 
 0 
 16 

 16 
 0 
 0 
 0 
 0 
 0 
 0 
 16 

 16 
 0 
 0 
 0 
 0 
 0 
 0 
 16 

 16 
 0 
 0 
 0 
 0 
 0 
 0 
 16 

 16 
 0 
 0 
 0 
 0 
 0 
 0 
 16 

 16 
 0 
 0 
 0 
 0 
 0 
 0 
 16 

 16 
 0 
 0 
 0 
 0 
 0 
 0 
 16 

 16 
 0 
 0 
 0 
 0 
 0 
 0 
 16 

 16 
 0 
 0 
 0 
 0 
 0 
 0 
 16 

 16 
 0 
 0 
 0 
 0 
 0 
 0 
 16 

 16 
 0 
 0 
 0 
 0 
 0 
 0 
 16 

 16 
 0 
 0 
 0 
 0 
 0 
 0 
 16 

 16 
 0 
 0 
 0 
 0 
 0 
 0 
 16 

 16 
 0 
 0 
 0 
 0 
 0 
 0 
 16 

 16 
 0 
 0 
 0 
 0 
 0 
 0 
 16 

 16 
 0 
 0 
 0 
 0 
 0 
 0 
 16 

 16 
 0 
 0 
 0 
 0 
 0 
 0 
 16 

 16 
 0 
 0 
 0 
 0 
 0 
 0 
 16 

 16 
 0 
 0 
 0 
 0 
 0 
 0 
 16 

 16 
 0 
 0 
 0 
 0 
 0 
 0 
 16 

 16 
 0 
 0 
 0 
 0 
 0 
 0 
 16 

 16 
 0 
 0 
 0 
 0 
 0 
 0 
 16 

 16 
 0 
 0 
 0 
 0 
 0 
 0 
 16 

 16 
 0 
 0 
 0 
 0 
 0 
 0 
 16 

 16 
 0 
 0 
 0 
 0 
 0 
 0 
 16 

 16 
 0 
 0 
 0 
 0 
 0 
 0 
 16 

 16 
 0 
 0 
 0 
 0 
 0 
 0 
 16 

 16 
 0 
 0 
 0 
 0 
 0 
 0 
 16 

 16 
 0 
 1 
 0 
 0 
 0 
 0 
 16 

 16 
 0 
 0 
 0 
 0 
 0 
 0 
 16 

 16 
 0 
 0 
 0 
 0 
 0 
 0 
 16 

 16 
 0 
 0 
 0 
 0 
 0 
 0 
 16 

 16 
 0 
 0 
 0 
 0 
 0 
 0 
 16 

 16 
 0 
 0 
 0 
 0 
 0 
 0 
 16 

 16 
 0 
 0 
 0 
 0 
 0 
 0 
 16 

 16 
 0 
 0 
 0 
 0 
 0 
 0 
 16 

 16 
 0 
 0 
 0 
 0 
 0 
 0 
 16 

 16 
 0 
 0 
 0 
 0 
 0 
 0 
 16 

 16 
 0 
 0 
 0 
 0 
 0 
 0 
 16 

 16 
 0 
 0 
 0 
 0 
 0 
 0 
 16 

 16 
 0 
 0 
 0 
 0 
 0 
 0 
 16 

 16 
 0 
 0 
 0 
 0 
 0 
 0 
 16 

 16 
 0 
 0 
 0 
 0 
 0 
 0 
 16 

 16 
 0 
 0 
 0 
 0 
 0 
 0 
 16 

 16 
 0 
 0 
 0 
 0 
 0 
 0 
 16 

 16 
 0 
 0 
 0 
 0 
 0 
 0 
 16 

 16 
 0 
 0 
 0 
 0 
 0 
 0 
 16 

 16 
 0 
 0 
 0 
 0 
 0 
 0 
 16 

 16 
 0 
 0 
 0 
 0 
 0 
 0 
 16 

 16 
 0 
 0 
 0 
 0 
 0 
 0 
 16 

 16 
 0 
 0 
 0 
 0 
 0 
 0 
 16 

 16 
 0 
 0 
 0 
 0 
 0 
 0 
 16 

 16 
 0 
 0 
 0 
 0 
 0 
 0 
 16 

 16 
 0 
 0 
 0 
 0 
 0 
 0 
 16 

 16 
 0 
 0 
 0 
 0 
 0 
 0 
 16 

 16 
 0 
 0 
 0 
 0 
 0 
 0 
 16 

 16 
 0 
 0 
 0 
 0 
 0 
 0 
 16 

 16 
 0 
 0 
 0 
 0 
 0 
 0 
 16 

 16 
 0 
 0 
 0 
 0 
 0 
 0 
 16 

 16 
 0 
 0 
 0 
 0 
 0 
 0 
 16 

 16 
 0 
 0 
 0 
 0 
 0 
 0 
 16 

 16 
 0 
 0 
 0 
 0 
 0 
 0 
 16 

 16 
 0 
 0 
 0 
 0 
 0 
 0 
 16 

 16 
 0 
 0 
 0 
 0 
 0 
 0 
 16 

 16 
 0 
 0 
 0 
 0 
 0 
 0 
 16 

 16 
 0 
 0 
 0 
 0 
 0 
 0 
 16 

 16 
 0 
 0 
 0 
 0 
 0 
 0 
 16 

 16 
 0 
 0 
 0 
 0 
 0 
 0 
 16 

 16 
 0 
 0 
 0 
 0 
 0 
 0 
 16 

 16 
 0 
 0 
 0 
 0 
 0 
 0 
 16 

 16 
 0 
 0 
 0 
 0 
 0 
 0 
 16 

 16 
 0 
 0 
 0 
 0 
 0 
 0 
 9 
